Archive member included to satisfy reference by file (symbol)

/usr/lib/gcc/arm-none-eabi/5.4.1/../../../arm-none-eabi/lib/armv6-m/libc_nano.a(lib_a-atexit.o)
                              /usr/lib/gcc/arm-none-eabi/5.4.1/../../../arm-none-eabi/lib/armv6-m/crt0.o (atexit)
/usr/lib/gcc/arm-none-eabi/5.4.1/../../../arm-none-eabi/lib/armv6-m/libc_nano.a(lib_a-exit.o)
                              /usr/lib/gcc/arm-none-eabi/5.4.1/../../../arm-none-eabi/lib/armv6-m/crt0.o (exit)
/usr/lib/gcc/arm-none-eabi/5.4.1/../../../arm-none-eabi/lib/armv6-m/libc_nano.a(lib_a-fini.o)
                              /usr/lib/gcc/arm-none-eabi/5.4.1/../../../arm-none-eabi/lib/armv6-m/crt0.o (__libc_fini_array)
/usr/lib/gcc/arm-none-eabi/5.4.1/../../../arm-none-eabi/lib/armv6-m/libc_nano.a(lib_a-impure.o)
                              /usr/lib/gcc/arm-none-eabi/5.4.1/../../../arm-none-eabi/lib/armv6-m/libc_nano.a(lib_a-exit.o) (_global_impure_ptr)
/usr/lib/gcc/arm-none-eabi/5.4.1/../../../arm-none-eabi/lib/armv6-m/libc_nano.a(lib_a-init.o)
                              /usr/lib/gcc/arm-none-eabi/5.4.1/../../../arm-none-eabi/lib/armv6-m/crt0.o (__libc_init_array)
/usr/lib/gcc/arm-none-eabi/5.4.1/../../../arm-none-eabi/lib/armv6-m/libc_nano.a(lib_a-memcpy-stub.o)
                              build/stm32f0xx_hal_rcc.o (memcpy)
/usr/lib/gcc/arm-none-eabi/5.4.1/../../../arm-none-eabi/lib/armv6-m/libc_nano.a(lib_a-memset.o)
                              /usr/lib/gcc/arm-none-eabi/5.4.1/../../../arm-none-eabi/lib/armv6-m/crt0.o (memset)
/usr/lib/gcc/arm-none-eabi/5.4.1/../../../arm-none-eabi/lib/armv6-m/libc_nano.a(lib_a-__atexit.o)
                              /usr/lib/gcc/arm-none-eabi/5.4.1/../../../arm-none-eabi/lib/armv6-m/libc_nano.a(lib_a-atexit.o) (__register_exitproc)
/usr/lib/gcc/arm-none-eabi/5.4.1/../../../arm-none-eabi/lib/armv6-m/libc_nano.a(lib_a-__call_atexit.o)
                              /usr/lib/gcc/arm-none-eabi/5.4.1/../../../arm-none-eabi/lib/armv6-m/libc_nano.a(lib_a-__atexit.o) (__call_exitprocs)
/usr/lib/gcc/arm-none-eabi/5.4.1/../../../arm-none-eabi/lib/armv6-m/libnosys.a(_exit.o)
                              /usr/lib/gcc/arm-none-eabi/5.4.1/../../../arm-none-eabi/lib/armv6-m/libc_nano.a(lib_a-exit.o) (_exit)
/usr/lib/gcc/arm-none-eabi/5.4.1/armv6-m/libgcc.a(_udivsi3.o)
                              build/stm32f0xx_hal_rcc.o (__aeabi_uidiv)
/usr/lib/gcc/arm-none-eabi/5.4.1/armv6-m/libgcc.a(_dvmd_tls.o)
                              /usr/lib/gcc/arm-none-eabi/5.4.1/armv6-m/libgcc.a(_udivsi3.o) (__aeabi_idiv0)

Allocating common symbols
Common symbol       size              file

uwTick              0x4               build/stm32f0xx_hal.o
pFlash              0x20              build/stm32f0xx_hal_flash.o
htim3               0x40              build/tim.o
htim1               0x40              build/tim.o
hadc                0x4c              build/adc.o

Discarded input sections

 .text          0x0000000000000000        0x0 /usr/lib/gcc/arm-none-eabi/5.4.1/armv6-m/crti.o
 .data          0x0000000000000000        0x0 /usr/lib/gcc/arm-none-eabi/5.4.1/armv6-m/crti.o
 .bss           0x0000000000000000        0x0 /usr/lib/gcc/arm-none-eabi/5.4.1/armv6-m/crti.o
 .data          0x0000000000000000        0x4 /usr/lib/gcc/arm-none-eabi/5.4.1/armv6-m/crtbegin.o
 .text          0x0000000000000000       0x6c /usr/lib/gcc/arm-none-eabi/5.4.1/../../../arm-none-eabi/lib/armv6-m/crt0.o
 .data          0x0000000000000000        0x0 /usr/lib/gcc/arm-none-eabi/5.4.1/../../../arm-none-eabi/lib/armv6-m/crt0.o
 .bss           0x0000000000000000        0x0 /usr/lib/gcc/arm-none-eabi/5.4.1/../../../arm-none-eabi/lib/armv6-m/crt0.o
 .ARM.extab     0x0000000000000000        0x0 /usr/lib/gcc/arm-none-eabi/5.4.1/../../../arm-none-eabi/lib/armv6-m/crt0.o
 .ARM.exidx     0x0000000000000000        0x8 /usr/lib/gcc/arm-none-eabi/5.4.1/../../../arm-none-eabi/lib/armv6-m/crt0.o
 .debug_line    0x0000000000000000       0x80 /usr/lib/gcc/arm-none-eabi/5.4.1/../../../arm-none-eabi/lib/armv6-m/crt0.o
 .debug_info    0x0000000000000000       0x9d /usr/lib/gcc/arm-none-eabi/5.4.1/../../../arm-none-eabi/lib/armv6-m/crt0.o
 .debug_abbrev  0x0000000000000000       0x14 /usr/lib/gcc/arm-none-eabi/5.4.1/../../../arm-none-eabi/lib/armv6-m/crt0.o
 .debug_aranges
                0x0000000000000000       0x20 /usr/lib/gcc/arm-none-eabi/5.4.1/../../../arm-none-eabi/lib/armv6-m/crt0.o
 .ARM.attributes
                0x0000000000000000       0x1b /usr/lib/gcc/arm-none-eabi/5.4.1/../../../arm-none-eabi/lib/armv6-m/crt0.o
 .text          0x0000000000000000        0x0 build/main.o
 .data          0x0000000000000000        0x0 build/main.o
 .bss           0x0000000000000000        0x0 build/main.o
 .text.Error_Handler
                0x0000000000000000        0x4 build/main.o
 .text          0x0000000000000000        0x0 build/gpio.o
 .data          0x0000000000000000        0x0 build/gpio.o
 .bss           0x0000000000000000        0x0 build/gpio.o
[...]
Memory Configuration

Name             Origin             Length             Attributes
RAM              0x0000000020000000 0x0000000000001000 xrw
FLASH            0x0000000008000000 0x0000000000004000 xr
*default*        0x0000000000000000 0xffffffffffffffff

Linker script and memory map

LOAD /usr/lib/gcc/arm-none-eabi/5.4.1/armv6-m/crti.o
LOAD /usr/lib/gcc/arm-none-eabi/5.4.1/armv6-m/crtbegin.o
LOAD /usr/lib/gcc/arm-none-eabi/5.4.1/../../../arm-none-eabi/lib/armv6-m/crt0.o
LOAD build/main.o
LOAD build/gpio.o
LOAD build/tim.o
LOAD build/stm32f0xx_it.o
LOAD build/stm32f0xx_hal_msp.o
LOAD build/stm32f0xx_hal_tim.o
LOAD build/stm32f0xx_hal_tim_ex.o
LOAD build/stm32f0xx_hal_rcc.o
LOAD build/stm32f0xx_hal_rcc_ex.o
LOAD build/stm32f0xx_hal.o
LOAD build/stm32f0xx_hal_i2c.o
LOAD build/stm32f0xx_hal_i2c_ex.o
LOAD build/stm32f0xx_hal_gpio.o
LOAD build/stm32f0xx_hal_dma.o
LOAD build/stm32f0xx_hal_cortex.o
LOAD build/stm32f0xx_hal_pwr.o
LOAD build/stm32f0xx_hal_pwr_ex.o
LOAD build/stm32f0xx_hal_flash.o
LOAD build/stm32f0xx_hal_flash_ex.o
LOAD build/flashlight_main.o
LOAD build/system_stm32f0xx.o
LOAD build/adc.o
LOAD build/stm32f0xx_hal_adc.o
LOAD build/stm32f0xx_hal_adc_ex.o
LOAD build/startup_stm32f030x6.o
LOAD /usr/lib/gcc/arm-none-eabi/5.4.1/../../../arm-none-eabi/lib/armv6-m/libc_nano.a
LOAD /usr/lib/gcc/arm-none-eabi/5.4.1/../../../arm-none-eabi/lib/armv6-m/libm.a
LOAD /usr/lib/gcc/arm-none-eabi/5.4.1/../../../arm-none-eabi/lib/armv6-m/libnosys.a
START GROUP
LOAD /usr/lib/gcc/arm-none-eabi/5.4.1/armv6-m/libgcc.a
LOAD /usr/lib/gcc/arm-none-eabi/5.4.1/../../../arm-none-eabi/lib/armv6-m/libc_nano.a
END GROUP
START GROUP
LOAD /usr/lib/gcc/arm-none-eabi/5.4.1/armv6-m/libgcc.a
LOAD /usr/lib/gcc/arm-none-eabi/5.4.1/../../../arm-none-eabi/lib/armv6-m/libc_nano.a
END GROUP
LOAD /usr/lib/gcc/arm-none-eabi/5.4.1/armv6-m/crtend.o
LOAD /usr/lib/gcc/arm-none-eabi/5.4.1/armv6-m/crtn.o
                0x0000000020001000                _estack = 0x20001000
                0x0000000000000200                _Min_Heap_Size = 0x200
                0x0000000000000400                _Min_Stack_Size = 0x400

.isr_vector     0x0000000008000000       0xc0
                0x0000000008000000                . = ALIGN (0x4)
 *(.isr_vector)
 .isr_vector    0x0000000008000000       0xc0 build/startup_stm32f030x6.o
                0x0000000008000000                g_pfnVectors
                0x00000000080000c0                . = ALIGN (0x4)

.text           0x00000000080000c0      0xe4c
                0x00000000080000c0                . = ALIGN (0x4)
 *(.text)
 .text          0x00000000080000c0       0xb4 /usr/lib/gcc/arm-none-eabi/5.4.1/armv6-m/crtbegin.o
 .text          0x0000000008000174       0x48 /usr/lib/gcc/arm-none-eabi/5.4.1/../../../arm-none-eabi/lib/armv6-m/libc_nano.a(lib_a-init.o)
                0x0000000008000174                __libc_init_array
 .text          0x00000000080001bc       0x7c /usr/lib/gcc/arm-none-eabi/5.4.1/../../../arm-none-eabi/lib/armv6-m/libc_nano.a(lib_a-memcpy-stub.o)
                0x00000000080001bc                memcpy
 .text          0x0000000008000238       0x8c /usr/lib/gcc/arm-none-eabi/5.4.1/../../../arm-none-eabi/lib/armv6-m/libc_nano.a(lib_a-memset.o)
                0x0000000008000238                memset
 .text          0x00000000080002c4      0x114 /usr/lib/gcc/arm-none-eabi/5.4.1/armv6-m/libgcc.a(_udivsi3.o)
                0x00000000080002c4                __udivsi3
                0x00000000080002c4                __aeabi_uidiv
                0x00000000080003d0                __aeabi_uidivmod
 .text          0x00000000080003d8        0x4 /usr/lib/gcc/arm-none-eabi/5.4.1/armv6-m/libgcc.a(_dvmd_tls.o)
                0x00000000080003d8                __aeabi_ldiv0
                0x00000000080003d8                __aeabi_idiv0
 *(.text*)
 .text.SystemClock_Config
                0x00000000080003dc       0x48 build/main.o
                0x00000000080003dc                SystemClock_Config
 .text.MX_GPIO_Init
                0x0000000008000424       0xf4 build/gpio.o
                0x0000000008000424                MX_GPIO_Init
 .text.NMI_Handler
                0x0000000008000518        0x4 build/stm32f0xx_it.o
                0x0000000008000518                NMI_Handler
 .text.HardFault_Handler
                0x000000000800051c        0x4 build/stm32f0xx_it.o
                0x000000000800051c                HardFault_Handler
 .text.SVC_Handler
                0x0000000008000520        0x4 build/stm32f0xx_it.o
                0x0000000008000520                SVC_Handler
 .text.PendSV_Handler
                0x0000000008000524        0x4 build/stm32f0xx_it.o
                0x0000000008000524                PendSV_Handler
 .text.SysTick_Handler
                0x0000000008000528        0x8 build/stm32f0xx_it.o
                0x0000000008000528                SysTick_Handler
 .text.HAL_RCC_OscConfig
                0x0000000008000530      0x480 build/stm32f0xx_hal_rcc.o
                0x0000000008000530                HAL_RCC_OscConfig
 .text.HAL_RCC_GetSysClockFreq
                0x00000000080009b0       0x68 build/stm32f0xx_hal_rcc.o
                0x00000000080009b0                HAL_RCC_GetSysClockFreq
 .text.HAL_RCC_ClockConfig
                0x0000000008000a18      0x160 build/stm32f0xx_hal_rcc.o
                0x0000000008000a18                HAL_RCC_ClockConfig
 .text.HAL_RCC_GetHCLKFreq
                0x0000000008000b78        0xc build/stm32f0xx_hal_rcc.o
                0x0000000008000b78                HAL_RCC_GetHCLKFreq
 .text.HAL_InitTick
                0x0000000008000b84       0x24 build/stm32f0xx_hal.o
                0x0000000008000b84                HAL_InitTick
 .text.HAL_IncTick
                0x0000000008000ba8       0x10 build/stm32f0xx_hal.o
                0x0000000008000ba8                HAL_IncTick
 .text.HAL_GetTick
                0x0000000008000bb8        0xc build/stm32f0xx_hal.o
                0x0000000008000bb8                HAL_GetTick
 .text.HAL_Delay
                0x0000000008000bc4       0x24 build/stm32f0xx_hal.o
                0x0000000008000bc4                HAL_Delay
 .text.HAL_GPIO_Init
                0x0000000008000be8      0x188 build/stm32f0xx_hal_gpio.o
                0x0000000008000be8                HAL_GPIO_Init
 .text.HAL_GPIO_WritePin
                0x0000000008000d70        0xc build/stm32f0xx_hal_gpio.o
                0x0000000008000d70                HAL_GPIO_WritePin
 .text.HAL_GPIO_TogglePin
                0x0000000008000d7c        0x8 build/stm32f0xx_hal_gpio.o
                0x0000000008000d7c                HAL_GPIO_TogglePin
 .text.HAL_NVIC_SetPriority
                0x0000000008000d84       0x64 build/stm32f0xx_hal_cortex.o
                0x0000000008000d84                HAL_NVIC_SetPriority
 .text.HAL_SYSTICK_Config
                0x0000000008000de8       0x38 build/stm32f0xx_hal_cortex.o
                0x0000000008000de8                HAL_SYSTICK_Config
 .text.main     0x0000000008000e20       0x20 build/flashlight_main.o
                0x0000000008000e20                main
 .text.SystemInit
                0x0000000008000e40       0x60 build/system_stm32f0xx.o
                0x0000000008000e40                SystemInit
 .text.Reset_Handler
                0x0000000008000ea0       0x50 build/startup_stm32f030x6.o
                0x0000000008000ea0                Reset_Handler
 .text.Default_Handler
                0x0000000008000ef0        0x2 build/startup_stm32f030x6.o
                0x0000000008000ef0                TIM1_CC_IRQHandler
                0x0000000008000ef0                I2C1_IRQHandler
                0x0000000008000ef0                SPI1_IRQHandler
                0x0000000008000ef0                EXTI2_3_IRQHandler
                0x0000000008000ef0                ADC1_IRQHandler
                0x0000000008000ef0                TIM17_IRQHandler
                0x0000000008000ef0                RTC_IRQHandler
                0x0000000008000ef0                TIM16_IRQHandler
                0x0000000008000ef0                TIM3_IRQHandler
                0x0000000008000ef0                EXTI4_15_IRQHandler
                0x0000000008000ef0                RCC_IRQHandler
                0x0000000008000ef0                DMA1_Channel1_IRQHandler
                0x0000000008000ef0                Default_Handler
                0x0000000008000ef0                TIM14_IRQHandler
                0x0000000008000ef0                DMA1_Channel4_5_IRQHandler
                0x0000000008000ef0                EXTI0_1_IRQHandler
                0x0000000008000ef0                WWDG_IRQHandler
                0x0000000008000ef0                DMA1_Channel2_3_IRQHandler
                0x0000000008000ef0                FLASH_IRQHandler
                0x0000000008000ef0                USART1_IRQHandler
                0x0000000008000ef0                TIM1_BRK_UP_TRG_COM_IRQHandler
 *(.glue_7)
 .glue_7        0x0000000008000ef2        0x0 linker stubs
 *(.glue_7t)
 .glue_7t       0x0000000008000ef2        0x0 linker stubs
 *(.eh_frame)
 *fill*         0x0000000008000ef2        0x2 
 .eh_frame      0x0000000008000ef4        0x0 /usr/lib/gcc/arm-none-eabi/5.4.1/armv6-m/crtbegin.o
 *(.init)
 .init          0x0000000008000ef4        0x4 /usr/lib/gcc/arm-none-eabi/5.4.1/armv6-m/crti.o
                0x0000000008000ef4                _init
 .init          0x0000000008000ef8        0x8 /usr/lib/gcc/arm-none-eabi/5.4.1/armv6-m/crtn.o
 *(.fini)
 .fini          0x0000000008000f00        0x4 /usr/lib/gcc/arm-none-eabi/5.4.1/armv6-m/crti.o
                0x0000000008000f00                _fini
 .fini          0x0000000008000f04        0x8 /usr/lib/gcc/arm-none-eabi/5.4.1/armv6-m/crtn.o
                0x0000000008000f0c                . = ALIGN (0x4)
                0x0000000008000f0c                _etext = .

.vfp11_veneer   0x0000000008000f0c        0x0
 .vfp11_veneer  0x0000000008000f0c        0x0 linker stubs

.v4_bx          0x0000000008000f0c        0x0
 .v4_bx         0x0000000008000f0c        0x0 linker stubs

.iplt           0x0000000008000f0c        0x0
 .iplt          0x0000000008000f0c        0x0 /usr/lib/gcc/arm-none-eabi/5.4.1/armv6-m/crtbegin.o

.rodata         0x0000000008000f0c       0x30
                0x0000000008000f0c                . = ALIGN (0x4)
 *(.rodata)
 .rodata        0x0000000008000f0c       0x20 build/stm32f0xx_hal_rcc.o
 *(.rodata*)
 .rodata.AHBPrescTable
                0x0000000008000f2c       0x10 build/system_stm32f0xx.o
                0x0000000008000f2c                AHBPrescTable
                0x0000000008000f3c                . = ALIGN (0x4)

.rel.dyn        0x0000000008000f3c        0x0
 .rel.iplt      0x0000000008000f3c        0x0 /usr/lib/gcc/arm-none-eabi/5.4.1/armv6-m/crtbegin.o

.ARM.extab
 *(.ARM.extab* .gnu.linkonce.armextab.*)

.ARM            0x0000000008000f3c        0x0
                0x0000000008000f3c                __exidx_start = .
 *(.ARM.exidx*)
                0x0000000008000f3c                __exidx_end = .

.preinit_array  0x0000000008000f3c        0x0
                0x0000000008000f3c                PROVIDE (__preinit_array_start, .)
 *(.preinit_array*)
                0x0000000008000f3c                PROVIDE (__preinit_array_end, .)

.init_array     0x0000000008000f3c        0x4
                0x0000000008000f3c                PROVIDE (__init_array_start, .)
 *(SORT(.init_array.*))
 *(.init_array*)
 .init_array    0x0000000008000f3c        0x4 /usr/lib/gcc/arm-none-eabi/5.4.1/armv6-m/crtbegin.o
                0x0000000008000f40                PROVIDE (__init_array_end, .)

.fini_array     0x0000000008000f40        0x4
                0x0000000008000f40                PROVIDE (__fini_array_start, .)
 *(SORT(.fini_array.*))
 *(.fini_array*)
 .fini_array    0x0000000008000f40        0x4 /usr/lib/gcc/arm-none-eabi/5.4.1/armv6-m/crtbegin.o
                0x0000000008000f44                PROVIDE (__fini_array_end, .)
                0x0000000008000f44                _sidata = LOADADDR (.data)

.data           0x0000000020000000        0x4 load address 0x0000000008000f44
                0x0000000020000000                . = ALIGN (0x4)
                0x0000000020000000                _sdata = .
 *(.data)
 *(.data*)
 .data.SystemCoreClock
                0x0000000020000000        0x4 build/system_stm32f0xx.o
                0x0000000020000000                SystemCoreClock
                0x0000000020000004                . = ALIGN (0x4)
                0x0000000020000004                _edata = .

.jcr            0x0000000020000004        0x0 load address 0x0000000008000f48
 .jcr           0x0000000020000004        0x0 /usr/lib/gcc/arm-none-eabi/5.4.1/armv6-m/crtbegin.o

.tm_clone_table
                0x0000000020000004        0x0 load address 0x0000000008000f48
 .tm_clone_table
                0x0000000020000004        0x0 /usr/lib/gcc/arm-none-eabi/5.4.1/armv6-m/crtbegin.o
 .tm_clone_table
                0x0000000020000004        0x0 /usr/lib/gcc/arm-none-eabi/5.4.1/armv6-m/crtend.o

.igot.plt       0x0000000020000004        0x0 load address 0x0000000008000f48
 .igot.plt      0x0000000020000004        0x0 /usr/lib/gcc/arm-none-eabi/5.4.1/armv6-m/crtbegin.o
                0x0000000020000004                . = ALIGN (0x4)

.bss            0x0000000020000004       0x20 load address 0x0000000008000f48
                0x0000000020000004                _sbss = .
                0x0000000020000004                __bss_start__ = _sbss
 *(.bss)
 .bss           0x0000000020000004       0x1c /usr/lib/gcc/arm-none-eabi/5.4.1/armv6-m/crtbegin.o
 *(.bss*)
 *(COMMON)
 COMMON         0x0000000020000020        0x4 build/stm32f0xx_hal.o
                0x0000000020000020                uwTick
                0x0000000020000024                . = ALIGN (0x4)
                0x0000000020000024                _ebss = .
                0x0000000020000024                __bss_end__ = _ebss

._user_heap_stack
                0x0000000020000024      0x604 load address 0x0000000008000f48
                0x0000000020000028                . = ALIGN (0x8)
 *fill*         0x0000000020000024        0x4 
                [!provide]                        PROVIDE (end, .)
                [!provide]                        PROVIDE (_end, .)
                0x0000000020000228                . = (. + _Min_Heap_Size)
 *fill*         0x0000000020000028      0x200 
                0x0000000020000628                . = (. + _Min_Stack_Size)
 *fill*         0x0000000020000228      0x400 
                0x0000000020000628                . = ALIGN (0x8)

/DISCARD/
 libc.a(*)
 libm.a(*)
 libgcc.a(*)

.ARM.attributes
                0x0000000000000000       0x28
 *(.ARM.attributes)
 .ARM.attributes
                0x0000000000000000       0x1e /usr/lib/gcc/arm-none-eabi/5.4.1/armv6-m/crti.o
 .ARM.attributes
                0x000000000000001e       0x2c /usr/lib/gcc/arm-none-eabi/5.4.1/armv6-m/crtbegin.o
 .ARM.attributes
                0x000000000000004a       0x31 build/main.o
 .ARM.attributes
                0x000000000000007b       0x31 build/gpio.o
 .ARM.attributes
                0x00000000000000ac       0x31 build/stm32f0xx_it.o
 .ARM.attributes
                0x00000000000000dd       0x31 build/stm32f0xx_hal_rcc.o
 .ARM.attributes
                0x000000000000010e       0x31 build/stm32f0xx_hal.o
 .ARM.attributes
                0x000000000000013f       0x31 build/stm32f0xx_hal_gpio.o
 .ARM.attributes
                0x0000000000000170       0x31 build/stm32f0xx_hal_cortex.o
 .ARM.attributes
                0x00000000000001a1       0x31 build/flashlight_main.o
 .ARM.attributes
                0x00000000000001d2       0x31 build/system_stm32f0xx.o
 .ARM.attributes
                0x0000000000000203       0x21 build/startup_stm32f030x6.o
 .ARM.attributes
                0x0000000000000224       0x2c /usr/lib/gcc/arm-none-eabi/5.4.1/../../../arm-none-eabi/lib/armv6-m/libc_nano.a(lib_a-init.o)
 .ARM.attributes
                0x0000000000000250       0x2c /usr/lib/gcc/arm-none-eabi/5.4.1/../../../arm-none-eabi/lib/armv6-m/libc_nano.a(lib_a-memcpy-stub.o)
 .ARM.attributes
                0x000000000000027c       0x2c /usr/lib/gcc/arm-none-eabi/5.4.1/../../../arm-none-eabi/lib/armv6-m/libc_nano.a(lib_a-memset.o)
 .ARM.attributes
                0x00000000000002a8       0x1e /usr/lib/gcc/arm-none-eabi/5.4.1/armv6-m/libgcc.a(_udivsi3.o)
 .ARM.attributes
                0x00000000000002c6       0x1e /usr/lib/gcc/arm-none-eabi/5.4.1/armv6-m/libgcc.a(_dvmd_tls.o)
 .ARM.attributes
                0x00000000000002e4       0x2c /usr/lib/gcc/arm-none-eabi/5.4.1/armv6-m/crtend.o
 .ARM.attributes
                0x0000000000000310       0x1e /usr/lib/gcc/arm-none-eabi/5.4.1/armv6-m/crtn.o
OUTPUT(build/coincell_flashlight.elf elf32-littlearm)

.comment        0x0000000000000000       0x2b
 .comment       0x0000000000000000       0x2b /usr/lib/gcc/arm-none-eabi/5.4.1/armv6-m/crtbegin.o
                                         0x2c (size before relaxing)
 .comment       0x000000000000002b       0x2c build/main.o
 .comment       0x000000000000002b       0x2c build/gpio.o
 .comment       0x000000000000002b       0x2c build/stm32f0xx_it.o
 .comment       0x000000000000002b       0x2c build/stm32f0xx_hal_rcc.o
 .comment       0x000000000000002b       0x2c build/stm32f0xx_hal.o
 .comment       0x000000000000002b       0x2c build/stm32f0xx_hal_gpio.o
 .comment       0x000000000000002b       0x2c build/stm32f0xx_hal_cortex.o
 .comment       0x000000000000002b       0x2c build/flashlight_main.o
 .comment       0x000000000000002b       0x2c build/system_stm32f0xx.o
 .comment       0x000000000000002b       0x2c /usr/lib/gcc/arm-none-eabi/5.4.1/../../../arm-none-eabi/lib/armv6-m/libc_nano.a(lib_a-init.o)
 .comment       0x000000000000002b       0x2c /usr/lib/gcc/arm-none-eabi/5.4.1/../../../arm-none-eabi/lib/armv6-m/libc_nano.a(lib_a-memcpy-stub.o)
 .comment       0x000000000000002b       0x2c /usr/lib/gcc/arm-none-eabi/5.4.1/../../../arm-none-eabi/lib/armv6-m/libc_nano.a(lib_a-memset.o)
 .comment       0x000000000000002b       0x2c /usr/lib/gcc/arm-none-eabi/5.4.1/armv6-m/crtend.o

.debug_info     0x0000000000000000     0x30be
 .debug_info    0x0000000000000000      0x2cd build/main.o
 .debug_info    0x00000000000002cd      0x490 build/gpio.o
 .debug_info    0x000000000000075d      0x10c build/stm32f0xx_it.o
 .debug_info    0x0000000000000869      0xa2a build/stm32f0xx_hal_rcc.o
 .debug_info    0x0000000000001293      0x65b build/stm32f0xx_hal.o
 .debug_info    0x00000000000018ee      0x649 build/stm32f0xx_hal_gpio.o
 .debug_info    0x0000000000001f37      0x7b2 build/stm32f0xx_hal_cortex.o
 .debug_info    0x00000000000026e9      0x217 build/flashlight_main.o
 .debug_info    0x0000000000002900      0x273 build/system_stm32f0xx.o
 .debug_info    0x0000000000002b73       0x69 build/startup_stm32f030x6.o
 .debug_info    0x0000000000002bdc      0x110 /usr/lib/gcc/arm-none-eabi/5.4.1/../../../arm-none-eabi/lib/armv6-m/libc_nano.a(lib_a-init.o)
 .debug_info    0x0000000000002cec      0x142 /usr/lib/gcc/arm-none-eabi/5.4.1/../../../arm-none-eabi/lib/armv6-m/libc_nano.a(lib_a-memcpy-stub.o)
 .debug_info    0x0000000000002e2e      0x11e /usr/lib/gcc/arm-none-eabi/5.4.1/../../../arm-none-eabi/lib/armv6-m/libc_nano.a(lib_a-memset.o)
 .debug_info    0x0000000000002f4c       0xb9 /usr/lib/gcc/arm-none-eabi/5.4.1/armv6-m/libgcc.a(_udivsi3.o)
 .debug_info    0x0000000000003005       0xb9 /usr/lib/gcc/arm-none-eabi/5.4.1/armv6-m/libgcc.a(_dvmd_tls.o)

.debug_abbrev   0x0000000000000000      0xffe
 .debug_abbrev  0x0000000000000000      0x12a build/main.o
 .debug_abbrev  0x000000000000012a      0x145 build/gpio.o
 .debug_abbrev  0x000000000000026f       0x96 build/stm32f0xx_it.o
 .debug_abbrev  0x0000000000000305      0x24c build/stm32f0xx_hal_rcc.o
 .debug_abbrev  0x0000000000000551      0x1f8 build/stm32f0xx_hal.o
 .debug_abbrev  0x0000000000000749      0x209 build/stm32f0xx_hal_gpio.o
 .debug_abbrev  0x0000000000000952      0x252 build/stm32f0xx_hal_cortex.o
 .debug_abbrev  0x0000000000000ba4      0x123 build/flashlight_main.o
 .debug_abbrev  0x0000000000000cc7       0xf2 build/system_stm32f0xx.o
 .debug_abbrev  0x0000000000000db9       0x12 build/startup_stm32f030x6.o
 .debug_abbrev  0x0000000000000dcb       0xba /usr/lib/gcc/arm-none-eabi/5.4.1/../../../arm-none-eabi/lib/armv6-m/libc_nano.a(lib_a-init.o)
 .debug_abbrev  0x0000000000000e85       0xb2 /usr/lib/gcc/arm-none-eabi/5.4.1/../../../arm-none-eabi/lib/armv6-m/libc_nano.a(lib_a-memcpy-stub.o)
 .debug_abbrev  0x0000000000000f37       0x9f /usr/lib/gcc/arm-none-eabi/5.4.1/../../../arm-none-eabi/lib/armv6-m/libc_nano.a(lib_a-memset.o)
 .debug_abbrev  0x0000000000000fd6       0x14 /usr/lib/gcc/arm-none-eabi/5.4.1/armv6-m/libgcc.a(_udivsi3.o)
 .debug_abbrev  0x0000000000000fea       0x14 /usr/lib/gcc/arm-none-eabi/5.4.1/armv6-m/libgcc.a(_dvmd_tls.o)

.debug_loc      0x0000000000000000     0x1577
 .debug_loc     0x0000000000000000       0x2d build/main.o
 .debug_loc     0x000000000000002d       0x38 build/gpio.o
 .debug_loc     0x0000000000000065       0x20 build/stm32f0xx_it.o
 .debug_loc     0x0000000000000085      0x5d3 build/stm32f0xx_hal_rcc.o
 .debug_loc     0x0000000000000658      0x108 build/stm32f0xx_hal.o
 .debug_loc     0x0000000000000760      0x360 build/stm32f0xx_hal_gpio.o
 .debug_loc     0x0000000000000ac0      0x3db build/stm32f0xx_hal_cortex.o
 .debug_loc     0x0000000000000e9b       0x20 build/flashlight_main.o
 .debug_loc     0x0000000000000ebb      0x11e build/system_stm32f0xx.o
 .debug_loc     0x0000000000000fd9       0x84 /usr/lib/gcc/arm-none-eabi/5.4.1/../../../arm-none-eabi/lib/armv6-m/libc_nano.a(lib_a-init.o)
 .debug_loc     0x000000000000105d      0x34a /usr/lib/gcc/arm-none-eabi/5.4.1/../../../arm-none-eabi/lib/armv6-m/libc_nano.a(lib_a-memcpy-stub.o)
 .debug_loc     0x00000000000013a7      0x1d0 /usr/lib/gcc/arm-none-eabi/5.4.1/../../../arm-none-eabi/lib/armv6-m/libc_nano.a(lib_a-memset.o)

.debug_aranges  0x0000000000000000      0x3a0
 .debug_aranges
                0x0000000000000000       0x28 build/main.o
 .debug_aranges
                0x0000000000000028       0x20 build/gpio.o
 .debug_aranges
                0x0000000000000048       0x40 build/stm32f0xx_it.o
 .debug_aranges
                0x0000000000000088       0x80 build/stm32f0xx_hal_rcc.o
 .debug_aranges
                0x0000000000000108       0xb8 build/stm32f0xx_hal.o
 .debug_aranges
                0x00000000000001c0       0x58 build/stm32f0xx_hal_gpio.o
 .debug_aranges
                0x0000000000000218       0x78 build/stm32f0xx_hal_cortex.o
 .debug_aranges
                0x0000000000000290       0x20 build/flashlight_main.o
 .debug_aranges
                0x00000000000002b0       0x28 build/system_stm32f0xx.o
 .debug_aranges
                0x00000000000002d8       0x28 build/startup_stm32f030x6.o
 .debug_aranges
                0x0000000000000300       0x20 /usr/lib/gcc/arm-none-eabi/5.4.1/../../../arm-none-eabi/lib/armv6-m/libc_nano.a(lib_a-init.o)
 .debug_aranges
                0x0000000000000320       0x20 /usr/lib/gcc/arm-none-eabi/5.4.1/../../../arm-none-eabi/lib/armv6-m/libc_nano.a(lib_a-memcpy-stub.o)
 .debug_aranges
                0x0000000000000340       0x20 /usr/lib/gcc/arm-none-eabi/5.4.1/../../../arm-none-eabi/lib/armv6-m/libc_nano.a(lib_a-memset.o)
 .debug_aranges
                0x0000000000000360       0x20 /usr/lib/gcc/arm-none-eabi/5.4.1/armv6-m/libgcc.a(_udivsi3.o)
 .debug_aranges
                0x0000000000000380       0x20 /usr/lib/gcc/arm-none-eabi/5.4.1/armv6-m/libgcc.a(_dvmd_tls.o)

.debug_ranges   0x0000000000000000      0x280
 .debug_ranges  0x0000000000000000       0x18 build/main.o
 .debug_ranges  0x0000000000000018       0x10 build/gpio.o
 .debug_ranges  0x0000000000000028       0x30 build/stm32f0xx_it.o
 .debug_ranges  0x0000000000000058       0x88 build/stm32f0xx_hal_rcc.o
 .debug_ranges  0x00000000000000e0       0xa8 build/stm32f0xx_hal.o
 .debug_ranges  0x0000000000000188       0x48 build/stm32f0xx_hal_gpio.o
 .debug_ranges  0x00000000000001d0       0x68 build/stm32f0xx_hal_cortex.o
 .debug_ranges  0x0000000000000238       0x10 build/flashlight_main.o
 .debug_ranges  0x0000000000000248       0x18 build/system_stm32f0xx.o
 .debug_ranges  0x0000000000000260       0x20 build/startup_stm32f030x6.o

.debug_line     0x0000000000000000     0x1551
 .debug_line    0x0000000000000000      0x103 build/main.o
 .debug_line    0x0000000000000103      0x12b build/gpio.o
 .debug_line    0x000000000000022e       0xc1 build/stm32f0xx_it.o
 .debug_line    0x00000000000002ef      0x416 build/stm32f0xx_hal_rcc.o
 .debug_line    0x0000000000000705      0x2e4 build/stm32f0xx_hal.o
 .debug_line    0x00000000000009e9      0x285 build/stm32f0xx_hal_gpio.o
 .debug_line    0x0000000000000c6e      0x26f build/stm32f0xx_hal_cortex.o
 .debug_line    0x0000000000000edd      0x145 build/flashlight_main.o
 .debug_line    0x0000000000001022      0x10d build/system_stm32f0xx.o
 .debug_line    0x000000000000112f       0x78 build/startup_stm32f030x6.o
 .debug_line    0x00000000000011a7       0xc0 /usr/lib/gcc/arm-none-eabi/5.4.1/../../../arm-none-eabi/lib/armv6-m/libc_nano.a(lib_a-init.o)
 .debug_line    0x0000000000001267      0x11e /usr/lib/gcc/arm-none-eabi/5.4.1/../../../arm-none-eabi/lib/armv6-m/libc_nano.a(lib_a-memcpy-stub.o)
 .debug_line    0x0000000000001385      0x104 /usr/lib/gcc/arm-none-eabi/5.4.1/../../../arm-none-eabi/lib/armv6-m/libc_nano.a(lib_a-memset.o)
 .debug_line    0x0000000000001489       0x6a /usr/lib/gcc/arm-none-eabi/5.4.1/armv6-m/libgcc.a(_udivsi3.o)
 .debug_line    0x00000000000014f3       0x5e /usr/lib/gcc/arm-none-eabi/5.4.1/armv6-m/libgcc.a(_dvmd_tls.o)

.debug_str      0x0000000000000000      0xff2
 .debug_str     0x0000000000000000      0x2a3 build/main.o
                                        0x2e5 (size before relaxing)
 .debug_str     0x00000000000002a3      0x126 build/gpio.o
                                        0x282 (size before relaxing)
 .debug_str     0x00000000000003c9       0x6d build/stm32f0xx_it.o
                                        0x1a0 (size before relaxing)
 .debug_str     0x0000000000000436      0x247 build/stm32f0xx_hal_rcc.o
                                        0x5e9 (size before relaxing)
 .debug_str     0x000000000000067d      0x325 build/stm32f0xx_hal.o
                                        0x569 (size before relaxing)
 .debug_str     0x00000000000009a2      0x123 build/stm32f0xx_hal_gpio.o
                                        0x3cb (size before relaxing)
 .debug_str     0x0000000000000ac5      0x1f5 build/stm32f0xx_hal_cortex.o
                                        0x571 (size before relaxing)
 .debug_str     0x0000000000000cba       0x20 build/flashlight_main.o
                                        0x1ea (size before relaxing)
 .debug_str     0x0000000000000cda       0x5c build/system_stm32f0xx.o
                                        0x234 (size before relaxing)
 .debug_str     0x0000000000000d36      0x155 /usr/lib/gcc/arm-none-eabi/5.4.1/../../../arm-none-eabi/lib/armv6-m/libc_nano.a(lib_a-init.o)
                                        0x1f3 (size before relaxing)
 .debug_str     0x0000000000000e8b       0xc6 /usr/lib/gcc/arm-none-eabi/5.4.1/../../../arm-none-eabi/lib/armv6-m/libc_nano.a(lib_a-memcpy-stub.o)
                                        0x1cd (size before relaxing)
 .debug_str     0x0000000000000f51       0xa1 /usr/lib/gcc/arm-none-eabi/5.4.1/../../../arm-none-eabi/lib/armv6-m/libc_nano.a(lib_a-memset.o)
                                        0x1a8 (size before relaxing)

.debug_frame    0x0000000000000000      0x684
 .debug_frame   0x0000000000000000       0x3c build/main.o
 .debug_frame   0x000000000000003c       0x3c build/gpio.o
 .debug_frame   0x0000000000000078       0x6c build/stm32f0xx_it.o
 .debug_frame   0x00000000000000e4      0x148 build/stm32f0xx_hal_rcc.o
 .debug_frame   0x000000000000022c      0x184 build/stm32f0xx_hal.o
 .debug_frame   0x00000000000003b0       0xdc build/stm32f0xx_hal_gpio.o
 .debug_frame   0x000000000000048c       0xec build/stm32f0xx_hal_cortex.o
 .debug_frame   0x0000000000000578       0x2c build/flashlight_main.o
 .debug_frame   0x00000000000005a4       0x3c build/system_stm32f0xx.o
 .debug_frame   0x00000000000005e0       0x2c /usr/lib/gcc/arm-none-eabi/5.4.1/../../../arm-none-eabi/lib/armv6-m/libc_nano.a(lib_a-init.o)
 .debug_frame   0x000000000000060c       0x2c /usr/lib/gcc/arm-none-eabi/5.4.1/../../../arm-none-eabi/lib/armv6-m/libc_nano.a(lib_a-memcpy-stub.o)
 .debug_frame   0x0000000000000638       0x2c /usr/lib/gcc/arm-none-eabi/5.4.1/../../../arm-none-eabi/lib/armv6-m/libc_nano.a(lib_a-memset.o)
 .debug_frame   0x0000000000000664       0x20 /usr/lib/gcc/arm-none-eabi/5.4.1/armv6-m/libgcc.a(_udivsi3.o)

Cross Reference Table

Symbol                                            File
ADC1_IRQHandler                                   build/startup_stm32f030x6.o
AHBPrescTable                                     build/system_stm32f0xx.o
                                                  build/stm32f0xx_hal_rcc.o
APBPrescTable                                     build/system_stm32f0xx.o
                                                  build/stm32f0xx_hal_rcc.o
DMA1_Channel1_IRQHandler                          build/startup_stm32f030x6.o
DMA1_Channel2_3_IRQHandler                        build/startup_stm32f030x6.o
DMA1_Channel4_5_IRQHandler                        build/startup_stm32f030x6.o
Default_Handler                                   build/startup_stm32f030x6.o
EXTI0_1_IRQHandler                                build/startup_stm32f030x6.o
EXTI2_3_IRQHandler                                build/startup_stm32f030x6.o
EXTI4_15_IRQHandler                               build/startup_stm32f030x6.o
Error_Handler                                     build/main.o
                                                  build/adc.o
                                                  build/tim.o
FLASH_IRQHandler                                  build/startup_stm32f030x6.o
FLASH_PageErase                                   build/stm32f0xx_hal_flash_ex.o
                                                  build/stm32f0xx_hal_flash.o
FLASH_WaitForLastOperation                        build/stm32f0xx_hal_flash.o
                                                  build/stm32f0xx_hal_flash_ex.o
HAL_ADCEx_Calibration_Start                       build/stm32f0xx_hal_adc_ex.o
HAL_ADC_AnalogWDGConfig                           build/stm32f0xx_hal_adc.o
HAL_ADC_ConfigChannel                             build/stm32f0xx_hal_adc.o
                                                  build/adc.o
HAL_ADC_ConvCpltCallback                          build/stm32f0xx_hal_adc.o
HAL_ADC_ConvHalfCpltCallback                      build/stm32f0xx_hal_adc.o
HAL_ADC_DeInit                                    build/stm32f0xx_hal_adc.o
HAL_ADC_ErrorCallback                             build/stm32f0xx_hal_adc.o
HAL_ADC_GetError                                  build/stm32f0xx_hal_adc.o
HAL_ADC_GetState                                  build/stm32f0xx_hal_adc.o
HAL_ADC_GetValue                                  build/stm32f0xx_hal_adc.o
HAL_ADC_IRQHandler                                build/stm32f0xx_hal_adc.o
HAL_ADC_Init                                      build/stm32f0xx_hal_adc.o
                                                  build/adc.o
HAL_ADC_LevelOutOfWindowCallback                  build/stm32f0xx_hal_adc.o
HAL_ADC_MspDeInit                                 build/adc.o
HAL_ADC_MspInit                                   build/adc.o
HAL_ADC_PollForConversion                         build/stm32f0xx_hal_adc.o
HAL_ADC_PollForEvent                              build/stm32f0xx_hal_adc.o
HAL_ADC_Start                                     build/stm32f0xx_hal_adc.o
HAL_ADC_Start_DMA                                 build/stm32f0xx_hal_adc.o
HAL_ADC_Start_IT                                  build/stm32f0xx_hal_adc.o
HAL_ADC_Stop                                      build/stm32f0xx_hal_adc.o
HAL_ADC_Stop_DMA                                  build/stm32f0xx_hal_adc.o
HAL_ADC_Stop_IT                                   build/stm32f0xx_hal_adc.o
HAL_DBGMCU_DisableDBGStandbyMode                  build/stm32f0xx_hal.o
HAL_DBGMCU_DisableDBGStopMode                     build/stm32f0xx_hal.o
HAL_DBGMCU_EnableDBGStandbyMode                   build/stm32f0xx_hal.o
HAL_DBGMCU_EnableDBGStopMode                      build/stm32f0xx_hal.o
HAL_DMA_Abort                                     build/stm32f0xx_hal_dma.o
                                                  build/stm32f0xx_hal_adc.o
                                                  build/stm32f0xx_hal_tim.o
HAL_DMA_Abort_IT                                  build/stm32f0xx_hal_dma.o
                                                  build/stm32f0xx_hal_i2c.o
HAL_DMA_DeInit                                    build/stm32f0xx_hal_dma.o
HAL_DMA_GetError                                  build/stm32f0xx_hal_dma.o
HAL_DMA_GetState                                  build/stm32f0xx_hal_dma.o
HAL_DMA_IRQHandler                                build/stm32f0xx_hal_dma.o
HAL_DMA_Init                                      build/stm32f0xx_hal_dma.o
HAL_DMA_PollForTransfer                           build/stm32f0xx_hal_dma.o
HAL_DMA_RegisterCallback                          build/stm32f0xx_hal_dma.o
HAL_DMA_Start                                     build/stm32f0xx_hal_dma.o
HAL_DMA_Start_IT                                  build/stm32f0xx_hal_dma.o
                                                  build/stm32f0xx_hal_adc.o
                                                  build/stm32f0xx_hal_i2c.o
                                                  build/stm32f0xx_hal_tim_ex.o
                                                  build/stm32f0xx_hal_tim.o
HAL_DMA_UnRegisterCallback                        build/stm32f0xx_hal_dma.o
HAL_DeInit                                        build/stm32f0xx_hal.o
HAL_Delay                                         build/stm32f0xx_hal.o
                                                  build/flashlight_main.o
HAL_FLASHEx_Erase                                 build/stm32f0xx_hal_flash_ex.o
HAL_FLASHEx_Erase_IT                              build/stm32f0xx_hal_flash_ex.o
HAL_FLASHEx_OBErase                               build/stm32f0xx_hal_flash_ex.o
HAL_FLASHEx_OBGetConfig                           build/stm32f0xx_hal_flash_ex.o
HAL_FLASHEx_OBGetUserData                         build/stm32f0xx_hal_flash_ex.o
HAL_FLASHEx_OBProgram                             build/stm32f0xx_hal_flash_ex.o
HAL_FLASH_EndOfOperationCallback                  build/stm32f0xx_hal_flash.o
HAL_FLASH_GetError                                build/stm32f0xx_hal_flash.o
HAL_FLASH_IRQHandler                              build/stm32f0xx_hal_flash.o
HAL_FLASH_Lock                                    build/stm32f0xx_hal_flash.o
HAL_FLASH_OB_Launch                               build/stm32f0xx_hal_flash.o
HAL_FLASH_OB_Lock                                 build/stm32f0xx_hal_flash.o
HAL_FLASH_OB_Unlock                               build/stm32f0xx_hal_flash.o
HAL_FLASH_OperationErrorCallback                  build/stm32f0xx_hal_flash.o
HAL_FLASH_Program                                 build/stm32f0xx_hal_flash.o
HAL_FLASH_Program_IT                              build/stm32f0xx_hal_flash.o
HAL_FLASH_Unlock                                  build/stm32f0xx_hal_flash.o
HAL_GPIO_DeInit                                   build/stm32f0xx_hal_gpio.o
                                                  build/adc.o
HAL_GPIO_EXTI_Callback                            build/stm32f0xx_hal_gpio.o
HAL_GPIO_EXTI_IRQHandler                          build/stm32f0xx_hal_gpio.o
HAL_GPIO_Init                                     build/stm32f0xx_hal_gpio.o
                                                  build/adc.o
                                                  build/stm32f0xx_hal_rcc.o
                                                  build/gpio.o
HAL_GPIO_LockPin                                  build/stm32f0xx_hal_gpio.o
HAL_GPIO_ReadPin                                  build/stm32f0xx_hal_gpio.o
HAL_GPIO_TogglePin                                build/stm32f0xx_hal_gpio.o
                                                  build/flashlight_main.o
HAL_GPIO_WritePin                                 build/stm32f0xx_hal_gpio.o
                                                  build/gpio.o
HAL_GetDEVID                                      build/stm32f0xx_hal.o
HAL_GetHalVersion                                 build/stm32f0xx_hal.o
HAL_GetREVID                                      build/stm32f0xx_hal.o
HAL_GetTick                                       build/stm32f0xx_hal.o
                                                  build/stm32f0xx_hal_adc_ex.o
                                                  build/stm32f0xx_hal_adc.o
                                                  build/stm32f0xx_hal_flash.o
                                                  build/stm32f0xx_hal_dma.o
                                                  build/stm32f0xx_hal_i2c.o
                                                  build/stm32f0xx_hal_rcc_ex.o
                                                  build/stm32f0xx_hal_rcc.o
HAL_GetUIDw0                                      build/stm32f0xx_hal.o
HAL_GetUIDw1                                      build/stm32f0xx_hal.o
HAL_GetUIDw2                                      build/stm32f0xx_hal.o
HAL_I2CEx_ConfigAnalogFilter                      build/stm32f0xx_hal_i2c_ex.o
HAL_I2CEx_ConfigDigitalFilter                     build/stm32f0xx_hal_i2c_ex.o
HAL_I2CEx_DisableFastModePlus                     build/stm32f0xx_hal_i2c_ex.o
HAL_I2CEx_EnableFastModePlus                      build/stm32f0xx_hal_i2c_ex.o
HAL_I2C_AbortCpltCallback                         build/stm32f0xx_hal_i2c.o
HAL_I2C_AddrCallback                              build/stm32f0xx_hal_i2c.o
HAL_I2C_DeInit                                    build/stm32f0xx_hal_i2c.o
HAL_I2C_DisableListen_IT                          build/stm32f0xx_hal_i2c.o
HAL_I2C_ER_IRQHandler                             build/stm32f0xx_hal_i2c.o
HAL_I2C_EV_IRQHandler                             build/stm32f0xx_hal_i2c.o
HAL_I2C_EnableListen_IT                           build/stm32f0xx_hal_i2c.o
HAL_I2C_ErrorCallback                             build/stm32f0xx_hal_i2c.o
HAL_I2C_GetError                                  build/stm32f0xx_hal_i2c.o
HAL_I2C_GetMode                                   build/stm32f0xx_hal_i2c.o
HAL_I2C_GetState                                  build/stm32f0xx_hal_i2c.o
HAL_I2C_Init                                      build/stm32f0xx_hal_i2c.o
HAL_I2C_IsDeviceReady                             build/stm32f0xx_hal_i2c.o
HAL_I2C_ListenCpltCallback                        build/stm32f0xx_hal_i2c.o
HAL_I2C_MasterRxCpltCallback                      build/stm32f0xx_hal_i2c.o
HAL_I2C_MasterTxCpltCallback                      build/stm32f0xx_hal_i2c.o
HAL_I2C_Master_Abort_IT                           build/stm32f0xx_hal_i2c.o
HAL_I2C_Master_Receive                            build/stm32f0xx_hal_i2c.o
HAL_I2C_Master_Receive_DMA                        build/stm32f0xx_hal_i2c.o
HAL_I2C_Master_Receive_IT                         build/stm32f0xx_hal_i2c.o
HAL_I2C_Master_Sequential_Receive_IT              build/stm32f0xx_hal_i2c.o
HAL_I2C_Master_Sequential_Transmit_IT             build/stm32f0xx_hal_i2c.o
HAL_I2C_Master_Transmit                           build/stm32f0xx_hal_i2c.o
HAL_I2C_Master_Transmit_DMA                       build/stm32f0xx_hal_i2c.o
HAL_I2C_Master_Transmit_IT                        build/stm32f0xx_hal_i2c.o
HAL_I2C_MemRxCpltCallback                         build/stm32f0xx_hal_i2c.o
HAL_I2C_MemTxCpltCallback                         build/stm32f0xx_hal_i2c.o
HAL_I2C_Mem_Read                                  build/stm32f0xx_hal_i2c.o
HAL_I2C_Mem_Read_DMA                              build/stm32f0xx_hal_i2c.o
HAL_I2C_Mem_Read_IT                               build/stm32f0xx_hal_i2c.o
HAL_I2C_Mem_Write                                 build/stm32f0xx_hal_i2c.o
HAL_I2C_Mem_Write_DMA                             build/stm32f0xx_hal_i2c.o
HAL_I2C_Mem_Write_IT                              build/stm32f0xx_hal_i2c.o
HAL_I2C_MspDeInit                                 build/stm32f0xx_hal_i2c.o
HAL_I2C_MspInit                                   build/stm32f0xx_hal_i2c.o
HAL_I2C_SlaveRxCpltCallback                       build/stm32f0xx_hal_i2c.o
HAL_I2C_SlaveTxCpltCallback                       build/stm32f0xx_hal_i2c.o
HAL_I2C_Slave_Receive                             build/stm32f0xx_hal_i2c.o
HAL_I2C_Slave_Receive_DMA                         build/stm32f0xx_hal_i2c.o
HAL_I2C_Slave_Receive_IT                          build/stm32f0xx_hal_i2c.o
HAL_I2C_Slave_Sequential_Receive_IT               build/stm32f0xx_hal_i2c.o
HAL_I2C_Slave_Sequential_Transmit_IT              build/stm32f0xx_hal_i2c.o
HAL_I2C_Slave_Transmit                            build/stm32f0xx_hal_i2c.o
HAL_I2C_Slave_Transmit_DMA                        build/stm32f0xx_hal_i2c.o
HAL_I2C_Slave_Transmit_IT                         build/stm32f0xx_hal_i2c.o
HAL_IncTick                                       build/stm32f0xx_hal.o
                                                  build/stm32f0xx_it.o
HAL_Init                                          build/stm32f0xx_hal.o
HAL_InitTick                                      build/stm32f0xx_hal.o
                                                  build/stm32f0xx_hal_rcc.o
HAL_MspDeInit                                     build/stm32f0xx_hal.o
HAL_MspInit                                       build/stm32f0xx_hal_msp.o
HAL_NVIC_ClearPendingIRQ                          build/stm32f0xx_hal_cortex.o
HAL_NVIC_DisableIRQ                               build/stm32f0xx_hal_cortex.o
HAL_NVIC_EnableIRQ                                build/stm32f0xx_hal_cortex.o
HAL_NVIC_GetPendingIRQ                            build/stm32f0xx_hal_cortex.o
HAL_NVIC_GetPriority                              build/stm32f0xx_hal_cortex.o
HAL_NVIC_SetPendingIRQ                            build/stm32f0xx_hal_cortex.o
HAL_NVIC_SetPriority                              build/stm32f0xx_hal_cortex.o
                                                  build/stm32f0xx_hal.o
HAL_NVIC_SystemReset                              build/stm32f0xx_hal_cortex.o
HAL_PWR_DeInit                                    build/stm32f0xx_hal_pwr.o
HAL_PWR_DisableBkUpAccess                         build/stm32f0xx_hal_pwr.o
HAL_PWR_DisableSEVOnPend                          build/stm32f0xx_hal_pwr.o
HAL_PWR_DisableSleepOnExit                        build/stm32f0xx_hal_pwr.o
HAL_PWR_DisableWakeUpPin                          build/stm32f0xx_hal_pwr.o
HAL_PWR_EnableBkUpAccess                          build/stm32f0xx_hal_pwr.o
HAL_PWR_EnableSEVOnPend                           build/stm32f0xx_hal_pwr.o
HAL_PWR_EnableSleepOnExit                         build/stm32f0xx_hal_pwr.o
HAL_PWR_EnableWakeUpPin                           build/stm32f0xx_hal_pwr.o
HAL_PWR_EnterSLEEPMode                            build/stm32f0xx_hal_pwr.o
HAL_PWR_EnterSTANDBYMode                          build/stm32f0xx_hal_pwr.o
HAL_PWR_EnterSTOPMode                             build/stm32f0xx_hal_pwr.o
HAL_RCCEx_GetPeriphCLKConfig                      build/stm32f0xx_hal_rcc_ex.o
HAL_RCCEx_GetPeriphCLKFreq                        build/stm32f0xx_hal_rcc_ex.o
HAL_RCCEx_PeriphCLKConfig                         build/stm32f0xx_hal_rcc_ex.o
HAL_RCC_CSSCallback                               build/stm32f0xx_hal_rcc.o
HAL_RCC_ClockConfig                               build/stm32f0xx_hal_rcc.o
                                                  build/main.o
HAL_RCC_DeInit                                    build/stm32f0xx_hal_rcc.o
HAL_RCC_DisableCSS                                build/stm32f0xx_hal_rcc.o
HAL_RCC_EnableCSS                                 build/stm32f0xx_hal_rcc.o
HAL_RCC_GetClockConfig                            build/stm32f0xx_hal_rcc.o
HAL_RCC_GetHCLKFreq                               build/stm32f0xx_hal_rcc.o
                                                  build/stm32f0xx_hal.o
HAL_RCC_GetOscConfig                              build/stm32f0xx_hal_rcc.o
HAL_RCC_GetPCLK1Freq                              build/stm32f0xx_hal_rcc.o
                                                  build/stm32f0xx_hal_rcc_ex.o
HAL_RCC_GetSysClockFreq                           build/stm32f0xx_hal_rcc.o
                                                  build/stm32f0xx_hal_rcc_ex.o
HAL_RCC_MCOConfig                                 build/stm32f0xx_hal_rcc.o
HAL_RCC_NMI_IRQHandler                            build/stm32f0xx_hal_rcc.o
HAL_RCC_OscConfig                                 build/stm32f0xx_hal_rcc.o
                                                  build/main.o
HAL_ResumeTick                                    build/stm32f0xx_hal.o
HAL_SYSTICK_CLKSourceConfig                       build/stm32f0xx_hal_cortex.o
HAL_SYSTICK_Callback                              build/stm32f0xx_hal_cortex.o
HAL_SYSTICK_Config                                build/stm32f0xx_hal_cortex.o
                                                  build/stm32f0xx_hal.o
HAL_SYSTICK_IRQHandler                            build/stm32f0xx_hal_cortex.o
HAL_SuspendTick                                   build/stm32f0xx_hal.o
HAL_TIMEx_BreakCallback                           build/stm32f0xx_hal_tim_ex.o
                                                  build/stm32f0xx_hal_tim.o
HAL_TIMEx_CommutationCallback                     build/stm32f0xx_hal_tim_ex.o
                                                  build/stm32f0xx_hal_tim.o
HAL_TIMEx_ConfigBreakDeadTime                     build/stm32f0xx_hal_tim_ex.o
HAL_TIMEx_ConfigCommutationEvent                  build/stm32f0xx_hal_tim_ex.o
HAL_TIMEx_ConfigCommutationEvent_DMA              build/stm32f0xx_hal_tim_ex.o
HAL_TIMEx_ConfigCommutationEvent_IT               build/stm32f0xx_hal_tim_ex.o
HAL_TIMEx_HallSensor_DeInit                       build/stm32f0xx_hal_tim_ex.o
HAL_TIMEx_HallSensor_GetState                     build/stm32f0xx_hal_tim_ex.o
HAL_TIMEx_HallSensor_Init                         build/stm32f0xx_hal_tim_ex.o
HAL_TIMEx_HallSensor_MspDeInit                    build/stm32f0xx_hal_tim_ex.o
HAL_TIMEx_HallSensor_MspInit                      build/stm32f0xx_hal_tim_ex.o
HAL_TIMEx_HallSensor_Start                        build/stm32f0xx_hal_tim_ex.o
HAL_TIMEx_HallSensor_Start_DMA                    build/stm32f0xx_hal_tim_ex.o
HAL_TIMEx_HallSensor_Start_IT                     build/stm32f0xx_hal_tim_ex.o
HAL_TIMEx_HallSensor_Stop                         build/stm32f0xx_hal_tim_ex.o
HAL_TIMEx_HallSensor_Stop_DMA                     build/stm32f0xx_hal_tim_ex.o
HAL_TIMEx_HallSensor_Stop_IT                      build/stm32f0xx_hal_tim_ex.o
HAL_TIMEx_MasterConfigSynchronization             build/stm32f0xx_hal_tim_ex.o
                                                  build/tim.o
HAL_TIMEx_OCN_Start                               build/stm32f0xx_hal_tim_ex.o
HAL_TIMEx_OCN_Start_DMA                           build/stm32f0xx_hal_tim_ex.o
HAL_TIMEx_OCN_Start_IT                            build/stm32f0xx_hal_tim_ex.o
HAL_TIMEx_OCN_Stop                                build/stm32f0xx_hal_tim_ex.o
HAL_TIMEx_OCN_Stop_DMA                            build/stm32f0xx_hal_tim_ex.o
HAL_TIMEx_OCN_Stop_IT                             build/stm32f0xx_hal_tim_ex.o
HAL_TIMEx_OnePulseN_Start                         build/stm32f0xx_hal_tim_ex.o
HAL_TIMEx_OnePulseN_Start_IT                      build/stm32f0xx_hal_tim_ex.o
HAL_TIMEx_OnePulseN_Stop                          build/stm32f0xx_hal_tim_ex.o
HAL_TIMEx_OnePulseN_Stop_IT                       build/stm32f0xx_hal_tim_ex.o
HAL_TIMEx_PWMN_Start                              build/stm32f0xx_hal_tim_ex.o
HAL_TIMEx_PWMN_Start_DMA                          build/stm32f0xx_hal_tim_ex.o
HAL_TIMEx_PWMN_Start_IT                           build/stm32f0xx_hal_tim_ex.o
HAL_TIMEx_PWMN_Stop                               build/stm32f0xx_hal_tim_ex.o
HAL_TIMEx_PWMN_Stop_DMA                           build/stm32f0xx_hal_tim_ex.o
HAL_TIMEx_PWMN_Stop_IT                            build/stm32f0xx_hal_tim_ex.o
HAL_TIMEx_RemapConfig                             build/stm32f0xx_hal_tim_ex.o
HAL_TIM_Base_DeInit                               build/stm32f0xx_hal_tim.o
HAL_TIM_Base_GetState                             build/stm32f0xx_hal_tim.o
HAL_TIM_Base_Init                                 build/stm32f0xx_hal_tim.o
                                                  build/tim.o
HAL_TIM_Base_MspDeInit                            build/tim.o
HAL_TIM_Base_MspInit                              build/tim.o
HAL_TIM_Base_Start                                build/stm32f0xx_hal_tim.o
HAL_TIM_Base_Start_DMA                            build/stm32f0xx_hal_tim.o
HAL_TIM_Base_Start_IT                             build/stm32f0xx_hal_tim.o
HAL_TIM_Base_Stop                                 build/stm32f0xx_hal_tim.o
HAL_TIM_Base_Stop_DMA                             build/stm32f0xx_hal_tim.o
HAL_TIM_Base_Stop_IT                              build/stm32f0xx_hal_tim.o
HAL_TIM_ConfigClockSource                         build/stm32f0xx_hal_tim.o
                                                  build/tim.o
HAL_TIM_ConfigOCrefClear                          build/stm32f0xx_hal_tim.o
HAL_TIM_ConfigTI1Input                            build/stm32f0xx_hal_tim.o
HAL_TIM_DMABurst_MultiReadStart                   build/stm32f0xx_hal_tim.o
HAL_TIM_DMABurst_MultiWriteStart                  build/stm32f0xx_hal_tim.o
HAL_TIM_DMABurst_ReadStart                        build/stm32f0xx_hal_tim.o
HAL_TIM_DMABurst_ReadStop                         build/stm32f0xx_hal_tim.o
HAL_TIM_DMABurst_WriteStart                       build/stm32f0xx_hal_tim.o
HAL_TIM_DMABurst_WriteStop                        build/stm32f0xx_hal_tim.o
HAL_TIM_Encoder_DeInit                            build/stm32f0xx_hal_tim.o
HAL_TIM_Encoder_GetState                          build/stm32f0xx_hal_tim.o
HAL_TIM_Encoder_Init                              build/stm32f0xx_hal_tim.o
HAL_TIM_Encoder_MspDeInit                         build/stm32f0xx_hal_tim.o
HAL_TIM_Encoder_MspInit                           build/stm32f0xx_hal_tim.o
HAL_TIM_Encoder_Start                             build/stm32f0xx_hal_tim.o
HAL_TIM_Encoder_Start_DMA                         build/stm32f0xx_hal_tim.o
HAL_TIM_Encoder_Start_IT                          build/stm32f0xx_hal_tim.o
HAL_TIM_Encoder_Stop                              build/stm32f0xx_hal_tim.o
HAL_TIM_Encoder_Stop_DMA                          build/stm32f0xx_hal_tim.o
HAL_TIM_Encoder_Stop_IT                           build/stm32f0xx_hal_tim.o
HAL_TIM_ErrorCallback                             build/stm32f0xx_hal_tim.o
HAL_TIM_GenerateEvent                             build/stm32f0xx_hal_tim.o
HAL_TIM_IC_CaptureCallback                        build/stm32f0xx_hal_tim.o
HAL_TIM_IC_ConfigChannel                          build/stm32f0xx_hal_tim.o
HAL_TIM_IC_DeInit                                 build/stm32f0xx_hal_tim.o
HAL_TIM_IC_GetState                               build/stm32f0xx_hal_tim.o
HAL_TIM_IC_Init                                   build/stm32f0xx_hal_tim.o
HAL_TIM_IC_MspDeInit                              build/stm32f0xx_hal_tim.o
HAL_TIM_IC_MspInit                                build/stm32f0xx_hal_tim.o
HAL_TIM_IC_Start                                  build/stm32f0xx_hal_tim.o
HAL_TIM_IC_Start_DMA                              build/stm32f0xx_hal_tim.o
HAL_TIM_IC_Start_IT                               build/stm32f0xx_hal_tim.o
HAL_TIM_IC_Stop                                   build/stm32f0xx_hal_tim.o
HAL_TIM_IC_Stop_DMA                               build/stm32f0xx_hal_tim.o
HAL_TIM_IC_Stop_IT                                build/stm32f0xx_hal_tim.o
HAL_TIM_IRQHandler                                build/stm32f0xx_hal_tim.o
HAL_TIM_OC_ConfigChannel                          build/stm32f0xx_hal_tim.o
HAL_TIM_OC_DeInit                                 build/stm32f0xx_hal_tim.o
HAL_TIM_OC_DelayElapsedCallback                   build/stm32f0xx_hal_tim.o
HAL_TIM_OC_GetState                               build/stm32f0xx_hal_tim.o
HAL_TIM_OC_Init                                   build/stm32f0xx_hal_tim.o
HAL_TIM_OC_MspDeInit                              build/stm32f0xx_hal_tim.o
HAL_TIM_OC_MspInit                                build/stm32f0xx_hal_tim.o
HAL_TIM_OC_Start                                  build/stm32f0xx_hal_tim.o
HAL_TIM_OC_Start_DMA                              build/stm32f0xx_hal_tim.o
HAL_TIM_OC_Start_IT                               build/stm32f0xx_hal_tim.o
HAL_TIM_OC_Stop                                   build/stm32f0xx_hal_tim.o
HAL_TIM_OC_Stop_DMA                               build/stm32f0xx_hal_tim.o
HAL_TIM_OC_Stop_IT                                build/stm32f0xx_hal_tim.o
HAL_TIM_OnePulse_ConfigChannel                    build/stm32f0xx_hal_tim.o
HAL_TIM_OnePulse_DeInit                           build/stm32f0xx_hal_tim.o
HAL_TIM_OnePulse_GetState                         build/stm32f0xx_hal_tim.o
HAL_TIM_OnePulse_Init                             build/stm32f0xx_hal_tim.o
HAL_TIM_OnePulse_MspDeInit                        build/stm32f0xx_hal_tim.o
HAL_TIM_OnePulse_MspInit                          build/stm32f0xx_hal_tim.o
HAL_TIM_OnePulse_Start                            build/stm32f0xx_hal_tim.o
HAL_TIM_OnePulse_Start_IT                         build/stm32f0xx_hal_tim.o
HAL_TIM_OnePulse_Stop                             build/stm32f0xx_hal_tim.o
HAL_TIM_OnePulse_Stop_IT                          build/stm32f0xx_hal_tim.o
HAL_TIM_PWM_ConfigChannel                         build/stm32f0xx_hal_tim.o
HAL_TIM_PWM_DeInit                                build/stm32f0xx_hal_tim.o
HAL_TIM_PWM_GetState                              build/stm32f0xx_hal_tim.o
HAL_TIM_PWM_Init                                  build/stm32f0xx_hal_tim.o
HAL_TIM_PWM_MspDeInit                             build/stm32f0xx_hal_tim.o
HAL_TIM_PWM_MspInit                               build/stm32f0xx_hal_tim.o
HAL_TIM_PWM_PulseFinishedCallback                 build/stm32f0xx_hal_tim.o
HAL_TIM_PWM_Start                                 build/stm32f0xx_hal_tim.o
HAL_TIM_PWM_Start_DMA                             build/stm32f0xx_hal_tim.o
HAL_TIM_PWM_Start_IT                              build/stm32f0xx_hal_tim.o
HAL_TIM_PWM_Stop                                  build/stm32f0xx_hal_tim.o
HAL_TIM_PWM_Stop_DMA                              build/stm32f0xx_hal_tim.o
HAL_TIM_PWM_Stop_IT                               build/stm32f0xx_hal_tim.o
HAL_TIM_PeriodElapsedCallback                     build/stm32f0xx_hal_tim.o
HAL_TIM_ReadCapturedValue                         build/stm32f0xx_hal_tim.o
HAL_TIM_SlaveConfigSynchronization                build/stm32f0xx_hal_tim.o
HAL_TIM_SlaveConfigSynchronization_IT             build/stm32f0xx_hal_tim.o
HAL_TIM_TriggerCallback                           build/stm32f0xx_hal_tim.o
HardFault_Handler                                 build/stm32f0xx_it.o
I2C1_IRQHandler                                   build/startup_stm32f030x6.o
MX_ADC_Init                                       build/adc.o
MX_GPIO_Init                                      build/gpio.o
                                                  build/flashlight_main.o
MX_TIM1_Init                                      build/tim.o
MX_TIM3_Init                                      build/tim.o
NMI_Handler                                       build/stm32f0xx_it.o
PendSV_Handler                                    build/stm32f0xx_it.o
RCC_IRQHandler                                    build/startup_stm32f030x6.o
RTC_IRQHandler                                    build/startup_stm32f030x6.o
Reset_Handler                                     build/startup_stm32f030x6.o
SPI1_IRQHandler                                   build/startup_stm32f030x6.o
SVC_Handler                                       build/stm32f0xx_it.o
SysTick_Handler                                   build/stm32f0xx_it.o
SystemClock_Config                                build/main.o
                                                  build/flashlight_main.o
SystemCoreClock                                   build/system_stm32f0xx.o
                                                  build/stm32f0xx_hal_adc.o
                                                  build/stm32f0xx_hal_rcc.o
SystemCoreClockUpdate                             build/system_stm32f0xx.o
SystemInit                                        build/system_stm32f0xx.o
                                                  build/startup_stm32f030x6.o
TIM14_IRQHandler                                  build/startup_stm32f030x6.o
TIM16_IRQHandler                                  build/startup_stm32f030x6.o
TIM17_IRQHandler                                  build/startup_stm32f030x6.o
TIM1_BRK_UP_TRG_COM_IRQHandler                    build/startup_stm32f030x6.o
TIM1_CC_IRQHandler                                build/startup_stm32f030x6.o
TIM3_IRQHandler                                   build/startup_stm32f030x6.o
TIMEx_DMACommutationCplt                          build/stm32f0xx_hal_tim_ex.o
                                                  build/stm32f0xx_hal_tim.o
TIM_Base_SetConfig                                build/stm32f0xx_hal_tim.o
                                                  build/stm32f0xx_hal_tim_ex.o
TIM_CCxChannelCmd                                 build/stm32f0xx_hal_tim.o
                                                  build/stm32f0xx_hal_tim_ex.o
TIM_DMACaptureCplt                                build/stm32f0xx_hal_tim.o
                                                  build/stm32f0xx_hal_tim_ex.o
TIM_DMADelayPulseCplt                             build/stm32f0xx_hal_tim.o
                                                  build/stm32f0xx_hal_tim_ex.o
TIM_DMAError                                      build/stm32f0xx_hal_tim.o
                                                  build/stm32f0xx_hal_tim_ex.o
TIM_ETR_SetConfig                                 build/stm32f0xx_hal_tim.o
TIM_OC2_SetConfig                                 build/stm32f0xx_hal_tim.o
                                                  build/stm32f0xx_hal_tim_ex.o
TIM_TI1_SetConfig                                 build/stm32f0xx_hal_tim.o
                                                  build/stm32f0xx_hal_tim_ex.o
USART1_IRQHandler                                 build/startup_stm32f030x6.o
WWDG_IRQHandler                                   build/startup_stm32f030x6.o
_ITM_deregisterTMCloneTable                       /usr/lib/gcc/arm-none-eabi/5.4.1/armv6-m/crtbegin.o
_ITM_registerTMCloneTable                         /usr/lib/gcc/arm-none-eabi/5.4.1/armv6-m/crtbegin.o
_Jv_RegisterClasses                               /usr/lib/gcc/arm-none-eabi/5.4.1/armv6-m/crtbegin.o
__TMC_END__                                       /usr/lib/gcc/arm-none-eabi/5.4.1/armv6-m/crtend.o
                                                  /usr/lib/gcc/arm-none-eabi/5.4.1/armv6-m/crtbegin.o
__aeabi_idiv0                                     /usr/lib/gcc/arm-none-eabi/5.4.1/armv6-m/libgcc.a(_dvmd_tls.o)
                                                  /usr/lib/gcc/arm-none-eabi/5.4.1/armv6-m/libgcc.a(_udivsi3.o)
__aeabi_ldiv0                                     /usr/lib/gcc/arm-none-eabi/5.4.1/armv6-m/libgcc.a(_dvmd_tls.o)
__aeabi_uidiv                                     /usr/lib/gcc/arm-none-eabi/5.4.1/armv6-m/libgcc.a(_udivsi3.o)
                                                  build/stm32f0xx_hal_adc.o
                                                  build/system_stm32f0xx.o
                                                  build/stm32f0xx_hal_dma.o
                                                  build/stm32f0xx_hal.o
                                                  build/stm32f0xx_hal_rcc.o
__aeabi_uidivmod                                  /usr/lib/gcc/arm-none-eabi/5.4.1/armv6-m/libgcc.a(_udivsi3.o)
__atexit_dummy                                    /usr/lib/gcc/arm-none-eabi/5.4.1/../../../arm-none-eabi/lib/armv6-m/libc_nano.a(lib_a-__atexit.o)
__bss_end__                                       /usr/lib/gcc/arm-none-eabi/5.4.1/../../../arm-none-eabi/lib/armv6-m/crt0.o
__bss_start__                                     /usr/lib/gcc/arm-none-eabi/5.4.1/../../../arm-none-eabi/lib/armv6-m/crt0.o
__call_exitprocs                                  /usr/lib/gcc/arm-none-eabi/5.4.1/../../../arm-none-eabi/lib/armv6-m/libc_nano.a(lib_a-__call_atexit.o)
                                                  /usr/lib/gcc/arm-none-eabi/5.4.1/../../../arm-none-eabi/lib/armv6-m/libc_nano.a(lib_a-__atexit.o)
                                                  /usr/lib/gcc/arm-none-eabi/5.4.1/../../../arm-none-eabi/lib/armv6-m/libc_nano.a(lib_a-exit.o)
__deregister_frame_info                           /usr/lib/gcc/arm-none-eabi/5.4.1/armv6-m/crtbegin.o
__dso_handle                                      /usr/lib/gcc/arm-none-eabi/5.4.1/armv6-m/crtbegin.o
__fini_array_end                                  /usr/lib/gcc/arm-none-eabi/5.4.1/../../../arm-none-eabi/lib/armv6-m/libc_nano.a(lib_a-fini.o)
__fini_array_start                                /usr/lib/gcc/arm-none-eabi/5.4.1/../../../arm-none-eabi/lib/armv6-m/libc_nano.a(lib_a-fini.o)
__init_array_end                                  /usr/lib/gcc/arm-none-eabi/5.4.1/../../../arm-none-eabi/lib/armv6-m/libc_nano.a(lib_a-init.o)
__init_array_start                                /usr/lib/gcc/arm-none-eabi/5.4.1/../../../arm-none-eabi/lib/armv6-m/libc_nano.a(lib_a-init.o)
__libc_fini_array                                 /usr/lib/gcc/arm-none-eabi/5.4.1/../../../arm-none-eabi/lib/armv6-m/libc_nano.a(lib_a-fini.o)
                                                  /usr/lib/gcc/arm-none-eabi/5.4.1/../../../arm-none-eabi/lib/armv6-m/crt0.o
__libc_init_array                                 /usr/lib/gcc/arm-none-eabi/5.4.1/../../../arm-none-eabi/lib/armv6-m/libc_nano.a(lib_a-init.o)
                                                  build/startup_stm32f030x6.o
                                                  /usr/lib/gcc/arm-none-eabi/5.4.1/../../../arm-none-eabi/lib/armv6-m/crt0.o
__on_exit_args                                    /usr/lib/gcc/arm-none-eabi/5.4.1/../../../arm-none-eabi/lib/armv6-m/libc_nano.a(lib_a-__atexit.o)
__preinit_array_end                               /usr/lib/gcc/arm-none-eabi/5.4.1/../../../arm-none-eabi/lib/armv6-m/libc_nano.a(lib_a-init.o)
__preinit_array_start                             /usr/lib/gcc/arm-none-eabi/5.4.1/../../../arm-none-eabi/lib/armv6-m/libc_nano.a(lib_a-init.o)
__register_exitproc                               /usr/lib/gcc/arm-none-eabi/5.4.1/../../../arm-none-eabi/lib/armv6-m/libc_nano.a(lib_a-__atexit.o)
                                                  /usr/lib/gcc/arm-none-eabi/5.4.1/../../../arm-none-eabi/lib/armv6-m/libc_nano.a(lib_a-atexit.o)
__register_frame_info                             /usr/lib/gcc/arm-none-eabi/5.4.1/armv6-m/crtbegin.o
__sf_fake_stderr                                  /usr/lib/gcc/arm-none-eabi/5.4.1/../../../arm-none-eabi/lib/armv6-m/libc_nano.a(lib_a-impure.o)
__sf_fake_stdin                                   /usr/lib/gcc/arm-none-eabi/5.4.1/../../../arm-none-eabi/lib/armv6-m/libc_nano.a(lib_a-impure.o)
__sf_fake_stdout                                  /usr/lib/gcc/arm-none-eabi/5.4.1/../../../arm-none-eabi/lib/armv6-m/libc_nano.a(lib_a-impure.o)
__stack                                           /usr/lib/gcc/arm-none-eabi/5.4.1/../../../arm-none-eabi/lib/armv6-m/crt0.o
__udivsi3                                         /usr/lib/gcc/arm-none-eabi/5.4.1/armv6-m/libgcc.a(_udivsi3.o)
_ebss                                             build/startup_stm32f030x6.o
_edata                                            build/startup_stm32f030x6.o
_estack                                           build/startup_stm32f030x6.o
_exit                                             /usr/lib/gcc/arm-none-eabi/5.4.1/../../../arm-none-eabi/lib/armv6-m/libnosys.a(_exit.o)
                                                  /usr/lib/gcc/arm-none-eabi/5.4.1/../../../arm-none-eabi/lib/armv6-m/libc_nano.a(lib_a-exit.o)
_fini                                             /usr/lib/gcc/arm-none-eabi/5.4.1/armv6-m/crti.o
                                                  /usr/lib/gcc/arm-none-eabi/5.4.1/../../../arm-none-eabi/lib/armv6-m/libc_nano.a(lib_a-fini.o)
_global_atexit                                    /usr/lib/gcc/arm-none-eabi/5.4.1/../../../arm-none-eabi/lib/armv6-m/libc_nano.a(lib_a-__call_atexit.o)
                                                  /usr/lib/gcc/arm-none-eabi/5.4.1/../../../arm-none-eabi/lib/armv6-m/libc_nano.a(lib_a-__atexit.o)
_global_impure_ptr                                /usr/lib/gcc/arm-none-eabi/5.4.1/../../../arm-none-eabi/lib/armv6-m/libc_nano.a(lib_a-impure.o)
                                                  /usr/lib/gcc/arm-none-eabi/5.4.1/../../../arm-none-eabi/lib/armv6-m/libc_nano.a(lib_a-exit.o)
_impure_ptr                                       /usr/lib/gcc/arm-none-eabi/5.4.1/../../../arm-none-eabi/lib/armv6-m/libc_nano.a(lib_a-impure.o)
_init                                             /usr/lib/gcc/arm-none-eabi/5.4.1/armv6-m/crti.o
                                                  /usr/lib/gcc/arm-none-eabi/5.4.1/../../../arm-none-eabi/lib/armv6-m/libc_nano.a(lib_a-init.o)
_mainCRTStartup                                   /usr/lib/gcc/arm-none-eabi/5.4.1/../../../arm-none-eabi/lib/armv6-m/crt0.o
_sbss                                             build/startup_stm32f030x6.o
_sdata                                            build/startup_stm32f030x6.o
_sidata                                           build/startup_stm32f030x6.o
_start                                            /usr/lib/gcc/arm-none-eabi/5.4.1/../../../arm-none-eabi/lib/armv6-m/crt0.o
atexit                                            /usr/lib/gcc/arm-none-eabi/5.4.1/../../../arm-none-eabi/lib/armv6-m/libc_nano.a(lib_a-atexit.o)
                                                  /usr/lib/gcc/arm-none-eabi/5.4.1/../../../arm-none-eabi/lib/armv6-m/crt0.o
exit                                              /usr/lib/gcc/arm-none-eabi/5.4.1/../../../arm-none-eabi/lib/armv6-m/libc_nano.a(lib_a-exit.o)
                                                  /usr/lib/gcc/arm-none-eabi/5.4.1/../../../arm-none-eabi/lib/armv6-m/crt0.o
free                                              /usr/lib/gcc/arm-none-eabi/5.4.1/../../../arm-none-eabi/lib/armv6-m/libc_nano.a(lib_a-__call_atexit.o)
g_pfnVectors                                      build/startup_stm32f030x6.o
hadc                                              build/adc.o
hardware_init_hook                                /usr/lib/gcc/arm-none-eabi/5.4.1/../../../arm-none-eabi/lib/armv6-m/crt0.o
htim1                                             build/tim.o
htim3                                             build/tim.o
main                                              build/flashlight_main.o
                                                  build/startup_stm32f030x6.o
                                                  /usr/lib/gcc/arm-none-eabi/5.4.1/../../../arm-none-eabi/lib/armv6-m/crt0.o
malloc                                            /usr/lib/gcc/arm-none-eabi/5.4.1/../../../arm-none-eabi/lib/armv6-m/libc_nano.a(lib_a-__atexit.o)
memcpy                                            /usr/lib/gcc/arm-none-eabi/5.4.1/../../../arm-none-eabi/lib/armv6-m/libc_nano.a(lib_a-memcpy-stub.o)
                                                  build/stm32f0xx_hal_rcc.o
memset                                            /usr/lib/gcc/arm-none-eabi/5.4.1/../../../arm-none-eabi/lib/armv6-m/libc_nano.a(lib_a-memset.o)
                                                  build/adc.o
                                                  build/tim.o
                                                  build/gpio.o
                                                  build/main.o
                                                  /usr/lib/gcc/arm-none-eabi/5.4.1/../../../arm-none-eabi/lib/armv6-m/crt0.o
pFlash                                            build/stm32f0xx_hal_flash.o
                                                  build/stm32f0xx_hal_flash_ex.o
software_init_hook                                /usr/lib/gcc/arm-none-eabi/5.4.1/../../../arm-none-eabi/lib/armv6-m/crt0.o
uwTick                                            build/stm32f0xx_hal.o
